// Jest Snapshot v1, https://goo.gl/fbAQLP

exports[`Accordion component test matches snapshot 1`] = `
Object {
  "asFragment": [Function],
  "baseElement": <body>
    <div
      id="chakra-toast-portal"
    >
      <ul
        id="chakra-toast-manager-top"
        style="position: fixed; z-index: 5500; pointer-events: none; display: flex; flex-direction: column; margin: 0px auto;"
      />
      <ul
        id="chakra-toast-manager-top-left"
        style="position: fixed; z-index: 5500; pointer-events: none; display: flex; flex-direction: column;"
      />
      <ul
        id="chakra-toast-manager-top-right"
        style="position: fixed; z-index: 5500; pointer-events: none; display: flex; flex-direction: column;"
      />
      <ul
        id="chakra-toast-manager-bottom-left"
        style="position: fixed; z-index: 5500; pointer-events: none; display: flex; flex-direction: column;"
      />
      <ul
        id="chakra-toast-manager-bottom"
        style="position: fixed; z-index: 5500; pointer-events: none; display: flex; flex-direction: column; margin: 0px auto;"
      />
      <ul
        id="chakra-toast-manager-bottom-right"
        style="position: fixed; z-index: 5500; pointer-events: none; display: flex; flex-direction: column;"
      />
    </div>
    <div>
      <div
        class="chakra-accordion css-0"
      >
        <div
          class="chakra-accordion__item css-1fsnuue"
        >
          <h2>
            <button
              aria-controls="accordion-panel-1"
              aria-expanded="false"
              class="chakra-accordion__button css-o0n1ae"
              data-index="0"
              id="accordion-button-1"
              type="button"
            >
              <div
                class="css-1eziwv"
              >
                <div
                  class="chakra-stack css-1h3nfwc"
                >
                  <p
                    class="chakra-text css-14ksm7b"
                  >
                    First
                  </p>
                </div>
              </div>
              <svg
                aria-hidden="true"
                class="chakra-icon chakra-accordion__icon css-8o5ky2"
                focusable="false"
                viewBox="0 0 24 24"
              >
                <path
                  d="M16.59 8.59L12 13.17 7.41 8.59 6 10l6 6 6-6z"
                  fill="currentColor"
                />
              </svg>
            </button>
          </h2>
          <div
            class="chakra-collapse"
            style="overflow: hidden; display: none; opacity: 0; height: 0px;"
          >
            <div
              aria-labelledby="accordion-button-1"
              class="chakra-accordion__panel css-b0qdn7"
              id="accordion-panel-1"
              role="region"
            >
              <div>
                FirstContent
              </div>
            </div>
          </div>
        </div>
        <div
          class="chakra-accordion__item css-1fsnuue"
        >
          <h2>
            <button
              aria-controls="accordion-panel-2"
              aria-expanded="false"
              class="chakra-accordion__button css-o0n1ae"
              data-index="1"
              id="accordion-button-2"
              type="button"
            >
              <div
                class="css-1eziwv"
              >
                <div
                  class="chakra-stack css-1h3nfwc"
                >
                  <p
                    class="chakra-text css-14ksm7b"
                  >
                    Second
                  </p>
                </div>
              </div>
              <svg
                aria-hidden="true"
                class="chakra-icon chakra-accordion__icon css-8o5ky2"
                focusable="false"
                viewBox="0 0 24 24"
              >
                <path
                  d="M16.59 8.59L12 13.17 7.41 8.59 6 10l6 6 6-6z"
                  fill="currentColor"
                />
              </svg>
            </button>
          </h2>
          <div
            class="chakra-collapse"
            style="overflow: hidden; display: none; opacity: 0; height: 0px;"
          >
            <div
              aria-labelledby="accordion-button-2"
              class="chakra-accordion__panel css-b0qdn7"
              id="accordion-panel-2"
              role="region"
            >
              <div>
                SecondContent
              </div>
            </div>
          </div>
        </div>
      </div>
    </div>
  </body>,
  "container": <div>
    <div
      class="chakra-accordion css-0"
    >
      <div
        class="chakra-accordion__item css-1fsnuue"
      >
        <h2>
          <button
            aria-controls="accordion-panel-1"
            aria-expanded="false"
            class="chakra-accordion__button css-o0n1ae"
            data-index="0"
            id="accordion-button-1"
            type="button"
          >
            <div
              class="css-1eziwv"
            >
              <div
                class="chakra-stack css-1h3nfwc"
              >
                <p
                  class="chakra-text css-14ksm7b"
                >
                  First
                </p>
              </div>
            </div>
            <svg
              aria-hidden="true"
              class="chakra-icon chakra-accordion__icon css-8o5ky2"
              focusable="false"
              viewBox="0 0 24 24"
            >
              <path
                d="M16.59 8.59L12 13.17 7.41 8.59 6 10l6 6 6-6z"
                fill="currentColor"
              />
            </svg>
          </button>
        </h2>
        <div
          class="chakra-collapse"
          style="overflow: hidden; display: none; opacity: 0; height: 0px;"
        >
          <div
            aria-labelledby="accordion-button-1"
            class="chakra-accordion__panel css-b0qdn7"
            id="accordion-panel-1"
            role="region"
          >
            <div>
              FirstContent
            </div>
          </div>
        </div>
      </div>
      <div
        class="chakra-accordion__item css-1fsnuue"
      >
        <h2>
          <button
            aria-controls="accordion-panel-2"
            aria-expanded="false"
            class="chakra-accordion__button css-o0n1ae"
            data-index="1"
            id="accordion-button-2"
            type="button"
          >
            <div
              class="css-1eziwv"
            >
              <div
                class="chakra-stack css-1h3nfwc"
              >
                <p
                  class="chakra-text css-14ksm7b"
                >
                  Second
                </p>
              </div>
            </div>
            <svg
              aria-hidden="true"
              class="chakra-icon chakra-accordion__icon css-8o5ky2"
              focusable="false"
              viewBox="0 0 24 24"
            >
              <path
                d="M16.59 8.59L12 13.17 7.41 8.59 6 10l6 6 6-6z"
                fill="currentColor"
              />
            </svg>
          </button>
        </h2>
        <div
          class="chakra-collapse"
          style="overflow: hidden; display: none; opacity: 0; height: 0px;"
        >
          <div
            aria-labelledby="accordion-button-2"
            class="chakra-accordion__panel css-b0qdn7"
            id="accordion-panel-2"
            role="region"
          >
            <div>
              SecondContent
            </div>
          </div>
        </div>
      </div>
    </div>
  </div>,
  "debug": [Function],
  "findAllByAltText": [Function],
  "findAllByDisplayValue": [Function],
  "findAllByLabelText": [Function],
  "findAllByPlaceholderText": [Function],
  "findAllByRole": [Function],
  "findAllByTestId": [Function],
  "findAllByText": [Function],
  "findAllByTitle": [Function],
  "findByAltText": [Function],
  "findByDisplayValue": [Function],
  "findByLabelText": [Function],
  "findByPlaceholderText": [Function],
  "findByRole": [Function],
  "findByTestId": [Function],
  "findByText": [Function],
  "findByTitle": [Function],
  "getAllByAltText": [Function],
  "getAllByDisplayValue": [Function],
  "getAllByLabelText": [Function],
  "getAllByPlaceholderText": [Function],
  "getAllByRole": [Function],
  "getAllByTestId": [Function],
  "getAllByText": [Function],
  "getAllByTitle": [Function],
  "getByAltText": [Function],
  "getByDisplayValue": [Function],
  "getByLabelText": [Function],
  "getByPlaceholderText": [Function],
  "getByRole": [Function],
  "getByTestId": [Function],
  "getByText": [Function],
  "getByTitle": [Function],
  "queryAllByAltText": [Function],
  "queryAllByDisplayValue": [Function],
  "queryAllByLabelText": [Function],
  "queryAllByPlaceholderText": [Function],
  "queryAllByRole": [Function],
  "queryAllByTestId": [Function],
  "queryAllByText": [Function],
  "queryAllByTitle": [Function],
  "queryByAltText": [Function],
  "queryByDisplayValue": [Function],
  "queryByLabelText": [Function],
  "queryByPlaceholderText": [Function],
  "queryByRole": [Function],
  "queryByTestId": [Function],
  "queryByText": [Function],
  "queryByTitle": [Function],
  "rerender": [Function],
  "unmount": [Function],
}
`;
