// Jest Snapshot v1, https://goo.gl/fbAQLP

exports[`Snapshot FileInput should render correctly 1`] = `
Object {
  "asFragment": [Function],
  "baseElement": <body>
    <div
      id="chakra-toast-portal"
    >
      <ul
        id="chakra-toast-manager-top"
        style="position: fixed; z-index: 5500; pointer-events: none; display: flex; flex-direction: column; margin: 0px auto;"
      />
      <ul
        id="chakra-toast-manager-top-left"
        style="position: fixed; z-index: 5500; pointer-events: none; display: flex; flex-direction: column;"
      />
      <ul
        id="chakra-toast-manager-top-right"
        style="position: fixed; z-index: 5500; pointer-events: none; display: flex; flex-direction: column;"
      />
      <ul
        id="chakra-toast-manager-bottom-left"
        style="position: fixed; z-index: 5500; pointer-events: none; display: flex; flex-direction: column;"
      />
      <ul
        id="chakra-toast-manager-bottom"
        style="position: fixed; z-index: 5500; pointer-events: none; display: flex; flex-direction: column; margin: 0px auto;"
      />
      <ul
        id="chakra-toast-manager-bottom-right"
        style="position: fixed; z-index: 5500; pointer-events: none; display: flex; flex-direction: column;"
      />
    </div>
    <div>
      <div
        class="css-k456he"
      >
        <p
          class="chakra-text css-154u26z"
        >
          FileInput
        </p>
        <div
          class="css-1o2srd0"
        >
          <div
            class="css-gmuwbf"
          >
            <div
              class="css-6c3hwg"
            >
              <div
                role="presentation"
                tabindex="0"
              >
                <input
                  multiple=""
                  style="display: none;"
                  tabindex="-1"
                  type="file"
                />
                <div
                  class="css-gmuwbf"
                >
                  <div
                    class="css-0"
                  >
                    <div
                      class="css-gmuwbf"
                    >
                      Drag and drop or click to upload
                    </div>
                    <div
                      class="css-1p4hczz"
                    >
                      <svg
                        fill="none"
                        height="23"
                        viewBox="0 0 32 23"
                        width="32"
                        xmlns="http://www.w3.org/2000/svg"
                      >
                        <path
                          d="M25.8 9.05165C24.8933 4.45165 20.8533 0.998322 16 0.998322C12.1467 0.998322 8.8 3.18499 7.13333 6.38499C3.12 6.81165 0 10.2117 0 14.3317C0 18.745 3.58667 22.3317 8 22.3317H25.3333C29.0133 22.3317 32 19.345 32 15.665C32 12.145 29.2667 9.29165 25.8 9.05165ZM18.6667 12.9983V18.3317H13.3333V12.9983H9.33333L16 6.33165L22.6667 12.9983H18.6667Z"
                          fill="#01459E"
                        />
                      </svg>
                    </div>
                  </div>
                </div>
              </div>
            </div>
          </div>
        </div>
      </div>
    </div>
  </body>,
  "container": <div>
    <div
      class="css-k456he"
    >
      <p
        class="chakra-text css-154u26z"
      >
        FileInput
      </p>
      <div
        class="css-1o2srd0"
      >
        <div
          class="css-gmuwbf"
        >
          <div
            class="css-6c3hwg"
          >
            <div
              role="presentation"
              tabindex="0"
            >
              <input
                multiple=""
                style="display: none;"
                tabindex="-1"
                type="file"
              />
              <div
                class="css-gmuwbf"
              >
                <div
                  class="css-0"
                >
                  <div
                    class="css-gmuwbf"
                  >
                    Drag and drop or click to upload
                  </div>
                  <div
                    class="css-1p4hczz"
                  >
                    <svg
                      fill="none"
                      height="23"
                      viewBox="0 0 32 23"
                      width="32"
                      xmlns="http://www.w3.org/2000/svg"
                    >
                      <path
                        d="M25.8 9.05165C24.8933 4.45165 20.8533 0.998322 16 0.998322C12.1467 0.998322 8.8 3.18499 7.13333 6.38499C3.12 6.81165 0 10.2117 0 14.3317C0 18.745 3.58667 22.3317 8 22.3317H25.3333C29.0133 22.3317 32 19.345 32 15.665C32 12.145 29.2667 9.29165 25.8 9.05165ZM18.6667 12.9983V18.3317H13.3333V12.9983H9.33333L16 6.33165L22.6667 12.9983H18.6667Z"
                        fill="#01459E"
                      />
                    </svg>
                  </div>
                </div>
              </div>
            </div>
          </div>
        </div>
      </div>
    </div>
  </div>,
  "debug": [Function],
  "findAllByAltText": [Function],
  "findAllByDisplayValue": [Function],
  "findAllByLabelText": [Function],
  "findAllByPlaceholderText": [Function],
  "findAllByRole": [Function],
  "findAllByTestId": [Function],
  "findAllByText": [Function],
  "findAllByTitle": [Function],
  "findByAltText": [Function],
  "findByDisplayValue": [Function],
  "findByLabelText": [Function],
  "findByPlaceholderText": [Function],
  "findByRole": [Function],
  "findByTestId": [Function],
  "findByText": [Function],
  "findByTitle": [Function],
  "getAllByAltText": [Function],
  "getAllByDisplayValue": [Function],
  "getAllByLabelText": [Function],
  "getAllByPlaceholderText": [Function],
  "getAllByRole": [Function],
  "getAllByTestId": [Function],
  "getAllByText": [Function],
  "getAllByTitle": [Function],
  "getByAltText": [Function],
  "getByDisplayValue": [Function],
  "getByLabelText": [Function],
  "getByPlaceholderText": [Function],
  "getByRole": [Function],
  "getByTestId": [Function],
  "getByText": [Function],
  "getByTitle": [Function],
  "queryAllByAltText": [Function],
  "queryAllByDisplayValue": [Function],
  "queryAllByLabelText": [Function],
  "queryAllByPlaceholderText": [Function],
  "queryAllByRole": [Function],
  "queryAllByTestId": [Function],
  "queryAllByText": [Function],
  "queryAllByTitle": [Function],
  "queryByAltText": [Function],
  "queryByDisplayValue": [Function],
  "queryByLabelText": [Function],
  "queryByPlaceholderText": [Function],
  "queryByRole": [Function],
  "queryByTestId": [Function],
  "queryByText": [Function],
  "queryByTitle": [Function],
  "rerender": [Function],
  "unmount": [Function],
}
`;
